{"consumes":["application/json","application/xml","application/gob"],"definitions":{"TestServiceTestEndpointRequestBody":{"example":{"string":""},"properties":{"string":{"example":"","type":"string","x-test-schema":"Payload"}},"title":"TestServiceTestEndpointRequestBody","type":"object"},"TestServiceTestEndpointResponseBody":{"example":{"string":""},"properties":{"string":{"example":"","type":"string","x-test-schema":"Result"}},"title":"TestServiceTestEndpointResponseBody","type":"object"}},"host":"goa.design","info":{"title":"","version":"","x-test-api":"API"},"paths":{"/":{"post":{"operationId":"testService#testEndpoint","parameters":[{"in":"body","name":"TestEndpointRequestBody","required":true,"schema":{"$ref":"#/definitions/TestServiceTestEndpointRequestBody"}}],"responses":{"200":{"description":"OK response.","schema":{"$ref":"#/definitions/TestServiceTestEndpointResponseBody"}}},"schemes":["https"],"summary":"testEndpoint testService","tags":["testService"],"x-test-operation":"Operation"},"x-test-foo":"bar"}},"produces":["application/json","application/xml","application/gob"],"swagger":"2.0","tags":[{"description":"Description of Backend","externalDocs":{"description":"See more docs here","url":"http://example.com"},"name":"Backend","x-data":{"foo":"bar"}}],"x-test-root":"Root"}